[2026-08-17 13:46:50] INFO Log file: outputs/vggt_monodetr_kitti_1280x384/logs/train_20260817_134650.log
[2026-08-17 13:46:50] INFO Config: {'dataset': 'kitti', 'root_dir': '/root/dataset/kitti', 'writelist': ['Pedestrian', 'Car', 'Cyclist'], 'class_merging': False, 'use_dontcare': False, 'use_3d_center': True, 'bbox2d_type': 'anno', 'meanshape': True, 'clip_2d': False, 'aug_pd': True, 'aug_crop': False, 'aug_calib': False, 'random_flip': 0.5, 'random_crop': 0.5, 'scale': 0.4, 'shift': 0.1, 'depth_scale': 'normal', 'vggt_w': 1280, 'vggt_h': 384, 'num_classes': 3, 'num_queries': 50, 'num_feature_levels': 4, 'hidden_dim': 256, 'group_num': 11, 'aux_loss': True, 'with_box_refine': True, 'two_stage': False, 'init_box': False, 'use_dab': False, 'two_stage_dino': False, 'use_dn': False, 'enc_layers': 6, 'dec_layers': 6, 'dim_feedforward': 1024, 'dropout': 0.1, 'nheads': 8, 'enc_n_points': 4, 'dec_n_points': 4, 'num_patterns': 0, 'return_intermediate_dec': True, 'set_cost_class': 2.0, 'set_cost_bbox': 5.0, 'set_cost_giou': 2.0, 'set_cost_3dcenter': 10.0, 'depth_min': '1e-3', 'depth_max': 80.0, 'num_depth_bins': 80, 'cls_loss_coef': 2.0, 'bbox_loss_coef': 5.0, 'giou_loss_coef': 2.0, 'dim_loss_coef': 1.0, 'angle_loss_coef': 1.0, 'depth_loss_coef': 1.0, '3dcenter_loss_coef': 10.0, 'focal_alpha': 0.25, 'max_epoch': 100, 'batch_size': 2, 'num_workers': 4, 'lr': 0.0002, 'lr_backbone': 0.0, 'weight_decay': 0.0001, 'clip_max_norm': 0.1, 'lr_drop': 90, 'warmup_min_lr': 1e-06, 'warmup_epochs': 5, 'save_path': 'outputs', 'experiment_name': 'vggt_monodetr_kitti_1280x384', 'resume_model': True, 'score_threshold': 0.2}
[2026-08-17 13:46:50] INFO World size: 5, Output: outputs/vggt_monodetr_kitti_1280x384
[2026-08-17 13:46:50] INFO Train: 3712 samples | Val: 3769 samples
[2026-08-17 13:47:05] INFO Rank 0: trainable tensors=471, params=18,854,629
[2026-08-17 13:47:07] INFO ============================================================
[2026-08-17 13:47:07] INFO Starting training...
[2026-08-17 13:47:07] INFO ============================================================
[2026-08-17 13:47:48] INFO Epoch[0] [37/371]  total=50.5873  loss_ce=0.2386  loss_bbox=0.1025  loss_depth=3.1648  loss_center=0.0538
[2026-08-17 13:48:28] INFO Epoch[0] [74/371]  total=95.7448  loss_ce=0.5897  loss_bbox=0.1764  loss_depth=5.3617  loss_center=0.1001
[2026-08-17 13:49:08] INFO Epoch[0] [111/371]  total=19.2659  loss_ce=0.2233  loss_bbox=0.0214  loss_depth=1.0632  loss_center=0.0143
[2026-08-17 13:49:49] INFO Epoch[0] [148/371]  total=94.5816  loss_ce=0.5669  loss_bbox=0.2192  loss_depth=5.4843  loss_center=0.1036
[2026-08-17 13:50:29] INFO Epoch[0] [185/371]  total=91.0508  loss_ce=0.5176  loss_bbox=0.1440  loss_depth=5.4158  loss_center=0.1629
[2026-08-17 13:51:09] INFO Epoch[0] [222/371]  total=26.0600  loss_ce=0.1822  loss_bbox=0.0255  loss_depth=1.8145  loss_center=0.0244
[2026-08-17 13:51:50] INFO Epoch[0] [259/371]  total=29.7640  loss_ce=0.2306  loss_bbox=0.0501  loss_depth=1.8726  loss_center=0.0280
[2026-08-17 13:52:30] INFO Epoch[0] [296/371]  total=55.6078  loss_ce=0.3379  loss_bbox=0.0822  loss_depth=3.0341  loss_center=0.0319
[2026-08-17 13:53:10] INFO Epoch[0] [333/371]  total=59.1643  loss_ce=0.3207  loss_bbox=0.0585  loss_depth=3.4003  loss_center=0.0701
[2026-08-17 13:53:50] INFO Epoch[0] [370/371]  total=126.4882  loss_ce=0.7609  loss_bbox=0.1214  loss_depth=8.2991  loss_center=0.0846
[2026-08-17 13:53:51] INFO Epoch [0/99] avg_loss=60.5440  time=404.5s  lr=2.00e-04
[2026-08-17 13:53:52] INFO Checkpoint saved after epoch 0
[2026-08-17 13:54:33] INFO Epoch[1] [37/371]  total=119.0733  loss_ce=0.7135  loss_bbox=0.1318  loss_depth=7.4304  loss_center=0.0938
[2026-08-17 13:55:13] INFO Epoch[1] [74/371]  total=21.5490  loss_ce=0.1703  loss_bbox=0.0149  loss_depth=1.3922  loss_center=0.0067
[2026-08-17 13:55:53] INFO Epoch[1] [111/371]  total=36.8351  loss_ce=0.2920  loss_bbox=0.0399  loss_depth=2.3456  loss_center=0.0244
[2026-08-17 13:56:33] INFO Epoch[1] [148/371]  total=56.6596  loss_ce=0.4400  loss_bbox=0.1293  loss_depth=2.9531  loss_center=0.0388
[2026-08-17 13:57:14] INFO Epoch[1] [185/371]  total=12.2027  loss_ce=0.0935  loss_bbox=0.0125  loss_depth=0.6634  loss_center=0.0061
[2026-08-17 13:57:54] INFO Epoch[1] [222/371]  total=53.4837  loss_ce=0.3313  loss_bbox=0.0833  loss_depth=3.2152  loss_center=0.0353
[2026-08-17 13:58:34] INFO Epoch[1] [259/371]  total=69.6453  loss_ce=0.3526  loss_bbox=0.0855  loss_depth=3.7500  loss_center=0.0466
[2026-08-17 13:59:14] INFO Epoch[1] [296/371]  total=129.6813  loss_ce=0.7508  loss_bbox=0.1901  loss_depth=7.6037  loss_center=0.0940
[2026-08-17 13:59:54] INFO Epoch[1] [333/371]  total=19.4912  loss_ce=0.1396  loss_bbox=0.0268  loss_depth=0.9273  loss_center=0.0110
[2026-08-17 14:00:34] INFO Epoch[1] [370/371]  total=28.1116  loss_ce=0.1713  loss_bbox=0.0308  loss_depth=1.5001  loss_center=0.0089
[2026-08-17 14:00:35] INFO Epoch [1/99] avg_loss=48.8338  time=403.1s  lr=2.00e-04
[2026-08-17 14:00:35] INFO Checkpoint saved after epoch 1
[2026-08-17 14:01:16] INFO Epoch[2] [37/371]  total=16.7594  loss_ce=0.1086  loss_bbox=0.0131  loss_depth=1.1373  loss_center=0.0090
[2026-08-17 14:01:56] INFO Epoch[2] [74/371]  total=55.0024  loss_ce=0.3305  loss_bbox=0.0572  loss_depth=3.4512  loss_center=0.0244
[2026-08-17 14:02:37] INFO Epoch[2] [111/371]  total=22.5476  loss_ce=0.1961  loss_bbox=0.0119  loss_depth=1.4643  loss_center=0.0079
[2026-08-17 14:03:17] INFO Epoch[2] [148/371]  total=44.7380  loss_ce=0.3087  loss_bbox=0.0304  loss_depth=2.2641  loss_center=0.0131
[2026-08-17 14:03:57] INFO Epoch[2] [185/371]  total=54.4815  loss_ce=0.4259  loss_bbox=0.0742  loss_depth=2.7031  loss_center=0.0229
[2026-08-17 14:04:38] INFO Epoch[2] [222/371]  total=46.9763  loss_ce=0.2594  loss_bbox=0.0713  loss_depth=2.2993  loss_center=0.0325
[2026-08-17 14:05:18] INFO Epoch[2] [259/371]  total=61.9931  loss_ce=0.3325  loss_bbox=0.0703  loss_depth=3.9229  loss_center=0.0380
[2026-08-17 14:05:58] INFO Epoch[2] [296/371]  total=42.9906  loss_ce=0.2459  loss_bbox=0.0492  loss_depth=2.1736  loss_center=0.0167
[2026-08-17 14:06:38] INFO Epoch[2] [333/371]  total=36.8149  loss_ce=0.1907  loss_bbox=0.0504  loss_depth=1.8651  loss_center=0.0200
[2026-08-17 14:07:18] INFO Epoch[2] [370/371]  total=6.9063  loss_ce=0.0469  loss_bbox=0.0034  loss_depth=0.4075  loss_center=0.0025
[2026-08-17 14:07:20] INFO Epoch [2/99] avg_loss=43.1197  time=404.1s  lr=2.00e-04
[2026-08-17 14:07:20] INFO Checkpoint saved after epoch 2
[2026-08-17 14:08:01] INFO Epoch[3] [37/371]  total=34.1682  loss_ce=0.1923  loss_bbox=0.0189  loss_depth=2.3121  loss_center=0.0085
[2026-08-17 14:08:41] INFO Epoch[3] [74/371]  total=16.6825  loss_ce=0.1542  loss_bbox=0.0131  loss_depth=0.6175  loss_center=0.0043
[2026-08-17 14:09:21] INFO Epoch[3] [111/371]  total=40.5257  loss_ce=0.2310  loss_bbox=0.0416  loss_depth=2.3288  loss_center=0.0289
[2026-08-17 14:10:01] INFO Epoch[3] [148/371]  total=57.9614  loss_ce=0.3567  loss_bbox=0.0455  loss_depth=3.4686  loss_center=0.0217
[2026-08-17 14:10:41] INFO Epoch[3] [185/371]  total=27.9966  loss_ce=0.2496  loss_bbox=0.0175  loss_depth=2.0772  loss_center=0.0100
[2026-08-17 14:11:21] INFO Epoch[3] [222/371]  total=30.1161  loss_ce=0.2117  loss_bbox=0.0310  loss_depth=1.9034  loss_center=0.0182
[2026-08-17 14:12:01] INFO Epoch[3] [259/371]  total=34.1458  loss_ce=0.2185  loss_bbox=0.0320  loss_depth=2.6595  loss_center=0.0154
[2026-08-17 14:12:41] INFO Epoch[3] [296/371]  total=38.2775  loss_ce=0.2717  loss_bbox=0.0492  loss_depth=1.8467  loss_center=0.0183
[2026-08-17 14:13:21] INFO Epoch[3] [333/371]  total=52.0675  loss_ce=0.3181  loss_bbox=0.0509  loss_depth=3.6009  loss_center=0.0278
[2026-08-17 14:14:02] INFO Epoch[3] [370/371]  total=33.2216  loss_ce=0.2246  loss_bbox=0.0212  loss_depth=2.0396  loss_center=0.0072
[2026-08-17 14:14:03] INFO Epoch [3/99] avg_loss=38.1374  time=402.7s  lr=2.00e-04
[2026-08-17 14:14:03] INFO Checkpoint saved after epoch 3
[2026-08-17 14:14:44] INFO Epoch[4] [37/371]  total=22.0064  loss_ce=0.1422  loss_bbox=0.0113  loss_depth=1.2254  loss_center=0.0061
[2026-08-17 14:15:24] INFO Epoch[4] [74/371]  total=61.8074  loss_ce=0.3044  loss_bbox=0.0678  loss_depth=3.3031  loss_center=0.0380
[2026-08-17 14:16:04] INFO Epoch[4] [111/371]  total=55.3529  loss_ce=0.2901  loss_bbox=0.0572  loss_depth=3.3702  loss_center=0.0329
[2026-08-17 14:16:44] INFO Epoch[4] [148/371]  total=38.2865  loss_ce=0.2686  loss_bbox=0.0594  loss_depth=2.5563  loss_center=0.0218
[2026-08-17 14:17:24] INFO Epoch[4] [185/371]  total=9.2055  loss_ce=0.0762  loss_bbox=0.0058  loss_depth=0.6963  loss_center=0.0021
[2026-08-17 14:18:04] INFO Epoch[4] [222/371]  total=89.1437  loss_ce=0.4379  loss_bbox=0.0947  loss_depth=6.3507  loss_center=0.0555
[2026-08-17 14:18:44] INFO Epoch[4] [259/371]  total=27.8175  loss_ce=0.2408  loss_bbox=0.0156  loss_depth=1.3692  loss_center=0.0092
[2026-08-17 14:19:24] INFO Epoch[4] [296/371]  total=33.4768  loss_ce=0.3023  loss_bbox=0.0421  loss_depth=1.5252  loss_center=0.0084
[2026-08-17 14:20:04] INFO Epoch[4] [333/371]  total=42.0100  loss_ce=0.2901  loss_bbox=0.0327  loss_depth=3.3769  loss_center=0.0222
[2026-08-17 14:20:45] INFO Epoch[4] [370/371]  total=26.9722  loss_ce=0.1785  loss_bbox=0.0177  loss_depth=2.0204  loss_center=0.0121
[2026-08-17 14:20:46] INFO Epoch [4/99] avg_loss=38.3402  time=402.8s  lr=2.00e-04
[2026-08-17 14:20:46] INFO Checkpoint saved after epoch 4
[2026-08-17 14:26:23] INFO ==> Loading detections and GTs...
[2026-08-17 14:26:24] INFO ==> Evaluating (official)...
[2026-08-17 14:31:42] INFO Pedestrian AP@0.50, 0.50, 0.50:
bbox AP:24.2724, 23.8367, 22.3001
bev  AP:1.7205, 1.5086, 1.3264
3d   AP:1.2584, 1.1584, 0.8877
aos  AP:10.45, 10.62, 12.44
Pedestrian AP_R40@0.50, 0.50, 0.50:
bbox AP:18.7735, 18.2258, 16.6711
bev  AP:1.1834, 1.0010, 0.8314
3d   AP:0.8276, 0.6869, 0.5215
aos  AP:10.26, 10.00, 9.18
Pedestrian AP@0.50, 0.25, 0.25:
bbox AP:24.2724, 23.8367, 22.3001
bev  AP:4.7974, 4.8222, 11.3442
3d   AP:4.4717, 4.2647, 11.1522
aos  AP:10.45, 10.62, 12.44
Pedestrian AP_R40@0.50, 0.25, 0.25:
bbox AP:18.7735, 18.2258, 16.6711
bev  AP:3.9285, 3.6139, 3.2195
3d   AP:3.5326, 3.2323, 2.9174
aos  AP:10.26, 10.00, 9.18

